// 重构日志: e7d41619
// 同步 ID: e30f330b @ Fri Jul 17 08:48:14 UTC 2026
// 重构日志: 9cb355a8
// 重构日志: ea0a7140
// 重构日志: c1a29ec9
// 同步 ID: 52cf7410 @ Sun Jul 19 15:32:01 UTC 2026
// 重构日志: 0a5e9845
// 重构日志: c9e02a2a
// 重构日志: 6c855809
// 同步 ID: 83249621 @ Wed Jul 22 11:05:22 UTC 2026
// 同步 ID: 7555683a @ Thu Jul 23 11:38:28 UTC 2026
// 重构日志: deb9b7ca
// 重构日志: 544dbbb0
// 重构日志: 23d12250
// 重构日志: 4422bd24
// 同步 ID: afee14f8 @ Sun Jul 26 13:25:48 UTC 2026
// 重构日志: d4d2bb0a
// 重构日志: c433dea7
// 重构日志: 3b8adaef
// 同步 ID: 749ffd31 @ Tue Jul 28 15:50:12 UTC 2026
// 同步 ID: f1d2a434 @ Wed Jul 29 04:32:42 UTC 2026
// 同步 ID: 52790796 @ Wed Jul 29 07:45:28 UTC 2026
// 同步 ID: 68f7934c @ Wed Jul 29 13:30:41 UTC 2026
// 重构日志: bc055af8
// 重构日志: 3e21796e
// 同步 ID: 62a97fd4 @ Thu Jul 30 16:26:43 UTC 2026
// 重构日志: 147196cb
// 同步 ID: aa6ddcf9 @ Fri Jul 31 06:27:48 UTC 2026
// 重构日志: 9f518e23
// 同步 ID: 431ddc37 @ Fri Jul 31 12:13:56 UTC 2026
